client/src/pages/villager-portal.tsx(3,25): error TS2307: Cannot find module '@/hooks/useAuth' or its corresponding type declarations.
client/src/pages/villager-portal.tsx(4,26): error TS2307: Cannot find module '@/hooks/use-toast' or its corresponding type declarations.
client/src/pages/villager-portal.tsx(8,28): error TS2307: Cannot find module '@/lib/queryClient' or its corresponding type declarations.
client/src/pages/villager-portal.tsx(9,37): error TS2307: Cannot find module '@/lib/authUtils' or its corresponding type declarations.
client/src/pages/villager-portal.tsx(10,55): error TS2307: Cannot find module '@shared/schema' or its corresponding type declarations.
client/src/pages/villager-portal.tsx(11,58): error TS2307: Cannot find module '@/components/ui/card' or its corresponding type declarations.
client/src/pages/villager-portal.tsx(12,24): error TS2307: Cannot find module '@/components/ui/button' or its corresponding type declarations.
client/src/pages/villager-portal.tsx(13,23): error TS2307: Cannot find module '@/components/ui/badge' or its corresponding type declarations.
client/src/pages/villager-portal.tsx(14,26): error TS2307: Cannot find module '@/components/ui/progress' or its corresponding type declarations.
client/src/pages/villager-portal.tsx(15,80): error TS2307: Cannot find module '@/components/ui/form' or its corresponding type declarations.
client/src/pages/villager-portal.tsx(16,23): error TS2307: Cannot find module '@/components/ui/input' or its corresponding type declarations.
client/src/pages/villager-portal.tsx(17,26): error TS2307: Cannot find module '@/components/ui/textarea' or its corresponding type declarations.
client/src/pages/villager-portal.tsx(18,24): error TS2307: Cannot find module '@/components/navigation' or its corresponding type declarations.
client/src/pages/villager-portal.tsx(19,29): error TS2307: Cannot find module '@/components/progress-tracker' or its corresponding type declarations.
client/src/pages/villager-portal.tsx(193,7): error TS17004: Cannot use JSX unless the '--jsx' flag is provided.
client/src/pages/villager-portal.tsx(194,9): error TS17004: Cannot use JSX unless the '--jsx' flag is provided.
client/src/pages/villager-portal.tsx(201,7): error TS17004: Cannot use JSX unless the '--jsx' flag is provided.
client/src/pages/villager-portal.tsx(202,9): error TS17004: Cannot use JSX unless the '--jsx' flag is provided.
client/src/pages/villager-portal.tsx(203,11): error TS17004: Cannot use JSX unless the '--jsx' flag is provided.
client/src/pages/villager-portal.tsx(204,13): error TS17004: Cannot use JSX unless the '--jsx' flag is provided.
client/src/pages/villager-portal.tsx(205,13): error TS17004: Cannot use JSX unless the '--jsx' flag is provided.
client/src/pages/villager-portal.tsx(206,13): error TS17004: Cannot use JSX unless the '--jsx' flag is provided.
client/src/pages/villager-portal.tsx(235,5): error TS17004: Cannot use JSX unless the '--jsx' flag is provided.
client/src/pages/villager-portal.tsx(236,7): error TS17004: Cannot use JSX unless the '--jsx' flag is provided.
client/src/pages/villager-portal.tsx(238,7): error TS17004: Cannot use JSX unless the '--jsx' flag is provided.
client/src/pages/villager-portal.tsx(239,9): error TS17004: Cannot use JSX unless the '--jsx' flag is provided.
client/src/pages/villager-portal.tsx(240,11): error TS17004: Cannot use JSX unless the '--jsx' flag is provided.
client/src/pages/villager-portal.tsx(241,11): error TS17004: Cannot use JSX unless the '--jsx' flag is provided.
client/src/pages/villager-portal.tsx(247,9): error TS17004: Cannot use JSX unless the '--jsx' flag is provided.
client/src/pages/villager-portal.tsx(248,11): error TS17004: Cannot use JSX unless the '--jsx' flag is provided.
client/src/pages/villager-portal.tsx(249,13): error TS17004: Cannot use JSX unless the '--jsx' flag is provided.
client/src/pages/villager-portal.tsx(250,15): error TS17004: Cannot use JSX unless the '--jsx' flag is provided.
client/src/pages/villager-portal.tsx(251,17): error TS17004: Cannot use JSX unless the '--jsx' flag is provided.
client/src/pages/villager-portal.tsx(252,19): error TS17004: Cannot use JSX unless the '--jsx' flag is provided.
client/src/pages/villager-portal.tsx(254,17): error TS17004: Cannot use JSX unless the '--jsx' flag is provided.
client/src/pages/villager-portal.tsx(255,19): error TS17004: Cannot use JSX unless the '--jsx' flag is provided.
client/src/pages/villager-portal.tsx(256,19): error TS17004: Cannot use JSX unless the '--jsx' flag is provided.
client/src/pages/villager-portal.tsx(262,11): error TS17004: Cannot use JSX unless the '--jsx' flag is provided.
client/src/pages/villager-portal.tsx(263,13): error TS17004: Cannot use JSX unless the '--jsx' flag is provided.
client/src/pages/villager-portal.tsx(264,15): error TS17004: Cannot use JSX unless the '--jsx' flag is provided.
client/src/pages/villager-portal.tsx(265,17): error TS17004: Cannot use JSX unless the '--jsx' flag is provided.
client/src/pages/villager-portal.tsx(266,19): error TS17004: Cannot use JSX unless the '--jsx' flag is provided.
client/src/pages/villager-portal.tsx(268,17): error TS17004: Cannot use JSX unless the '--jsx' flag is provided.
client/src/pages/villager-portal.tsx(269,19): error TS17004: Cannot use JSX unless the '--jsx' flag is provided.
client/src/pages/villager-portal.tsx(272,19): error TS17004: Cannot use JSX unless the '--jsx' flag is provided.
client/src/pages/villager-portal.tsx(278,11): error TS17004: Cannot use JSX unless the '--jsx' flag is provided.
client/src/pages/villager-portal.tsx(279,13): error TS17004: Cannot use JSX unless the '--jsx' flag is provided.
client/src/pages/villager-portal.tsx(280,15): error TS17004: Cannot use JSX unless the '--jsx' flag is provided.
client/src/pages/villager-portal.tsx(281,17): error TS17004: Cannot use JSX unless the '--jsx' flag is provided.
client/src/pages/villager-portal.tsx(282,19): error TS17004: Cannot use JSX unless the '--jsx' flag is provided.
client/src/pages/villager-portal.tsx(284,17): error TS17004: Cannot use JSX unless the '--jsx' flag is provided.
client/src/pages/villager-portal.tsx(285,19): error TS17004: Cannot use JSX unless the '--jsx' flag is provided.
client/src/pages/villager-portal.tsx(286,19): error TS17004: Cannot use JSX unless the '--jsx' flag is provided.
client/src/pages/villager-portal.tsx(292,11): error TS17004: Cannot use JSX unless the '--jsx' flag is provided.
client/src/pages/villager-portal.tsx(293,13): error TS17004: Cannot use JSX unless the '--jsx' flag is provided.
client/src/pages/villager-portal.tsx(294,15): error TS17004: Cannot use JSX unless the '--jsx' flag is provided.
client/src/pages/villager-portal.tsx(295,17): error TS17004: Cannot use JSX unless the '--jsx' flag is provided.
client/src/pages/villager-portal.tsx(296,19): error TS17004: Cannot use JSX unless the '--jsx' flag is provided.
client/src/pages/villager-portal.tsx(298,17): error TS17004: Cannot use JSX unless the '--jsx' flag is provided.
client/src/pages/villager-portal.tsx(299,19): error TS17004: Cannot use JSX unless the '--jsx' flag is provided.
client/src/pages/villager-portal.tsx(300,19): error TS17004: Cannot use JSX unless the '--jsx' flag is provided.
client/src/pages/villager-portal.tsx(309,11): error TS17004: Cannot use JSX unless the '--jsx' flag is provided.
client/src/pages/villager-portal.tsx(310,13): error TS17004: Cannot use JSX unless the '--jsx' flag is provided.
client/src/pages/villager-portal.tsx(311,15): error TS17004: Cannot use JSX unless the '--jsx' flag is provided.
client/src/pages/villager-portal.tsx(312,17): error TS17004: Cannot use JSX unless the '--jsx' flag is provided.
client/src/pages/villager-portal.tsx(313,17): error TS17004: Cannot use JSX unless the '--jsx' flag is provided.
client/src/pages/villager-portal.tsx(318,15): error TS17004: Cannot use JSX unless the '--jsx' flag is provided.
client/src/pages/villager-portal.tsx(319,17): error TS17004: Cannot use JSX unless the '--jsx' flag is provided.
client/src/pages/villager-portal.tsx(320,19): error TS17004: Cannot use JSX unless the '--jsx' flag is provided.
client/src/pages/villager-portal.tsx(321,19): error TS17004: Cannot use JSX unless the '--jsx' flag is provided.
client/src/pages/villager-portal.tsx(323,17): error TS17004: Cannot use JSX unless the '--jsx' flag is provided.
client/src/pages/villager-portal.tsx(324,17): error TS17004: Cannot use JSX unless the '--jsx' flag is provided.
client/src/pages/villager-portal.tsx(329,15): error TS17004: Cannot use JSX unless the '--jsx' flag is provided.
client/src/pages/villager-portal.tsx(330,17): error TS17004: Cannot use JSX unless the '--jsx' flag is provided.
client/src/pages/villager-portal.tsx(331,19): error TS17004: Cannot use JSX unless the '--jsx' flag is provided.
client/src/pages/villager-portal.tsx(332,19): error TS17004: Cannot use JSX unless the '--jsx' flag is provided.
client/src/pages/villager-portal.tsx(334,17): error TS17004: Cannot use JSX unless the '--jsx' flag is provided.
client/src/pages/villager-portal.tsx(341,9): error TS17004: Cannot use JSX unless the '--jsx' flag is provided.
client/src/pages/villager-portal.tsx(342,11): error TS17004: Cannot use JSX unless the '--jsx' flag is provided.
client/src/pages/villager-portal.tsx(343,13): error TS17004: Cannot use JSX unless the '--jsx' flag is provided.
client/src/pages/villager-portal.tsx(344,15): error TS17004: Cannot use JSX unless the '--jsx' flag is provided.
client/src/pages/villager-portal.tsx(354,15): error TS17004: Cannot use JSX unless the '--jsx' flag is provided.
client/src/pages/villager-portal.tsx(364,15): error TS17004: Cannot use JSX unless the '--jsx' flag is provided.
client/src/pages/villager-portal.tsx(380,11): error TS17004: Cannot use JSX unless the '--jsx' flag is provided.
client/src/pages/villager-portal.tsx(381,13): error TS17004: Cannot use JSX unless the '--jsx' flag is provided.
client/src/pages/villager-portal.tsx(382,15): error TS17004: Cannot use JSX unless the '--jsx' flag is provided.
client/src/pages/villager-portal.tsx(384,13): error TS17004: Cannot use JSX unless the '--jsx' flag is provided.
client/src/pages/villager-portal.tsx(385,15): error TS17004: Cannot use JSX unless the '--jsx' flag is provided.
client/src/pages/villager-portal.tsx(386,17): error TS17004: Cannot use JSX unless the '--jsx' flag is provided.
client/src/pages/villager-portal.tsx(387,19): error TS17004: Cannot use JSX unless the '--jsx' flag is provided.
client/src/pages/villager-portal.tsx(388,21): error TS17004: Cannot use JSX unless the '--jsx' flag is provided.
client/src/pages/villager-portal.tsx(392,25): error TS17004: Cannot use JSX unless the '--jsx' flag is provided.
client/src/pages/villager-portal.tsx(393,27): error TS17004: Cannot use JSX unless the '--jsx' flag is provided.
client/src/pages/villager-portal.tsx(394,27): error TS17004: Cannot use JSX unless the '--jsx' flag is provided.
client/src/pages/villager-portal.tsx(395,29): error TS17004: Cannot use JSX unless the '--jsx' flag is provided.
client/src/pages/villager-portal.tsx(397,27): error TS17004: Cannot use JSX unless the '--jsx' flag is provided.
client/src/pages/villager-portal.tsx(402,21): error TS17004: Cannot use JSX unless the '--jsx' flag is provided.
client/src/pages/villager-portal.tsx(406,25): error TS17004: Cannot use JSX unless the '--jsx' flag is provided.
client/src/pages/villager-portal.tsx(407,27): error TS17004: Cannot use JSX unless the '--jsx' flag is provided.
client/src/pages/villager-portal.tsx(408,27): error TS17004: Cannot use JSX unless the '--jsx' flag is provided.
client/src/pages/villager-portal.tsx(409,29): error TS17004: Cannot use JSX unless the '--jsx' flag is provided.
client/src/pages/villager-portal.tsx(416,27): error TS17004: Cannot use JSX unless the '--jsx' flag is provided.
client/src/pages/villager-portal.tsx(422,19): error TS17004: Cannot use JSX unless the '--jsx' flag is provided.
client/src/pages/villager-portal.tsx(426,23): error TS17004: Cannot use JSX unless the '--jsx' flag is provided.
client/src/pages/villager-portal.tsx(427,25): error TS17004: Cannot use JSX unless the '--jsx' flag is provided.
client/src/pages/villager-portal.tsx(428,25): error TS17004: Cannot use JSX unless the '--jsx' flag is provided.
client/src/pages/villager-portal.tsx(429,27): error TS17004: Cannot use JSX unless the '--jsx' flag is provided.
client/src/pages/villager-portal.tsx(431,25): error TS17004: Cannot use JSX unless the '--jsx' flag is provided.
client/src/pages/villager-portal.tsx(436,19): error TS17004: Cannot use JSX unless the '--jsx' flag is provided.
client/src/pages/villager-portal.tsx(440,23): error TS17004: Cannot use JSX unless the '--jsx' flag is provided.
client/src/pages/villager-portal.tsx(441,25): error TS17004: Cannot use JSX unless the '--jsx' flag is provided.
client/src/pages/villager-portal.tsx(442,25): error TS17004: Cannot use JSX unless the '--jsx' flag is provided.
client/src/pages/villager-portal.tsx(443,27): error TS17004: Cannot use JSX unless the '--jsx' flag is provided.
client/src/pages/villager-portal.tsx(450,25): error TS17004: Cannot use JSX unless the '--jsx' flag is provided.
client/src/pages/villager-portal.tsx(455,19): error TS17004: Cannot use JSX unless the '--jsx' flag is provided.
client/src/pages/villager-portal.tsx(459,23): error TS17004: Cannot use JSX unless the '--jsx' flag is provided.
client/src/pages/villager-portal.tsx(460,25): error TS17004: Cannot use JSX unless the '--jsx' flag is provided.
client/src/pages/villager-portal.tsx(461,25): error TS17004: Cannot use JSX unless the '--jsx' flag is provided.
client/src/pages/villager-portal.tsx(462,27): error TS17004: Cannot use JSX unless the '--jsx' flag is provided.
client/src/pages/villager-portal.tsx(468,25): error TS17004: Cannot use JSX unless the '--jsx' flag is provided.
client/src/pages/villager-portal.tsx(473,19): error TS17004: Cannot use JSX unless the '--jsx' flag is provided.
client/src/pages/villager-portal.tsx(477,23): error TS17004: Cannot use JSX unless the '--jsx' flag is provided.
client/src/pages/villager-portal.tsx(478,25): error TS17004: Cannot use JSX unless the '--jsx' flag is provided.
client/src/pages/villager-portal.tsx(479,25): error TS17004: Cannot use JSX unless the '--jsx' flag is provided.
client/src/pages/villager-portal.tsx(480,27): error TS17004: Cannot use JSX unless the '--jsx' flag is provided.
client/src/pages/villager-portal.tsx(482,25): error TS17004: Cannot use JSX unless the '--jsx' flag is provided.
client/src/pages/villager-portal.tsx(487,19): error TS17004: Cannot use JSX unless the '--jsx' flag is provided.
client/src/pages/villager-portal.tsx(501,11): error TS17004: Cannot use JSX unless the '--jsx' flag is provided.
client/src/pages/villager-portal.tsx(502,13): error TS17004: Cannot use JSX unless the '--jsx' flag is provided.
client/src/pages/villager-portal.tsx(503,15): error TS17004: Cannot use JSX unless the '--jsx' flag is provided.
client/src/pages/villager-portal.tsx(504,17): error TS17004: Cannot use JSX unless the '--jsx' flag is provided.
client/src/pages/villager-portal.tsx(506,15): error TS17004: Cannot use JSX unless the '--jsx' flag is provided.
client/src/pages/villager-portal.tsx(507,17): error TS17004: Cannot use JSX unless the '--jsx' flag is provided.
client/src/pages/villager-portal.tsx(508,19): error TS17004: Cannot use JSX unless the '--jsx' flag is provided.
client/src/pages/villager-portal.tsx(509,21): error TS17004: Cannot use JSX unless the '--jsx' flag is provided.
client/src/pages/villager-portal.tsx(510,23): error TS17004: Cannot use JSX unless the '--jsx' flag is provided.
client/src/pages/villager-portal.tsx(514,27): error TS17004: Cannot use JSX unless the '--jsx' flag is provided.
client/src/pages/villager-portal.tsx(515,29): error TS17004: Cannot use JSX unless the '--jsx' flag is provided.
client/src/pages/villager-portal.tsx(516,29): error TS17004: Cannot use JSX unless the '--jsx' flag is provided.
client/src/pages/villager-portal.tsx(517,31): error TS17004: Cannot use JSX unless the '--jsx' flag is provided.
client/src/pages/villager-portal.tsx(518,33): error TS17004: Cannot use JSX unless the '--jsx' flag is provided.
client/src/pages/villager-portal.tsx(519,33): error TS17004: Cannot use JSX unless the '--jsx' flag is provided.
client/src/pages/villager-portal.tsx(520,33): error TS17004: Cannot use JSX unless the '--jsx' flag is provided.
client/src/pages/villager-portal.tsx(521,33): error TS17004: Cannot use JSX unless the '--jsx' flag is provided.
client/src/pages/villager-portal.tsx(524,29): error TS17004: Cannot use JSX unless the '--jsx' flag is provided.
client/src/pages/villager-portal.tsx(529,23): error TS17004: Cannot use JSX unless the '--jsx' flag is provided.
client/src/pages/villager-portal.tsx(533,27): error TS17004: Cannot use JSX unless the '--jsx' flag is provided.
client/src/pages/villager-portal.tsx(534,29): error TS17004: Cannot use JSX unless the '--jsx' flag is provided.
client/src/pages/villager-portal.tsx(535,29): error TS17004: Cannot use JSX unless the '--jsx' flag is provided.
client/src/pages/villager-portal.tsx(536,31): error TS17004: Cannot use JSX unless the '--jsx' flag is provided.
client/src/pages/villager-portal.tsx(545,29): error TS17004: Cannot use JSX unless the '--jsx' flag is provided.
client/src/pages/villager-portal.tsx(551,21): error TS17004: Cannot use JSX unless the '--jsx' flag is provided.
client/src/pages/villager-portal.tsx(555,25): error TS17004: Cannot use JSX unless the '--jsx' flag is provided.
client/src/pages/villager-portal.tsx(556,27): error TS17004: Cannot use JSX unless the '--jsx' flag is provided.
client/src/pages/villager-portal.tsx(557,27): error TS17004: Cannot use JSX unless the '--jsx' flag is provided.
client/src/pages/villager-portal.tsx(558,29): error TS17004: Cannot use JSX unless the '--jsx' flag is provided.
client/src/pages/villager-portal.tsx(565,27): error TS17004: Cannot use JSX unless the '--jsx' flag is provided.
client/src/pages/villager-portal.tsx(570,21): error TS17004: Cannot use JSX unless the '--jsx' flag is provided.
client/src/pages/villager-portal.tsx(574,25): error TS17004: Cannot use JSX unless the '--jsx' flag is provided.
client/src/pages/villager-portal.tsx(575,27): error TS17004: Cannot use JSX unless the '--jsx' flag is provided.
client/src/pages/villager-portal.tsx(576,27): error TS17004: Cannot use JSX unless the '--jsx' flag is provided.
client/src/pages/villager-portal.tsx(577,29): error TS17004: Cannot use JSX unless the '--jsx' flag is provided.
client/src/pages/villager-portal.tsx(579,27): error TS17004: Cannot use JSX unless the '--jsx' flag is provided.
client/src/pages/villager-portal.tsx(584,21): error TS17004: Cannot use JSX unless the '--jsx' flag is provided.
client/src/pages/villager-portal.tsx(590,23): error TS17004: Cannot use JSX unless the '--jsx' flag is provided.
client/src/pages/villager-portal.tsx(597,13): error TS17004: Cannot use JSX unless the '--jsx' flag is provided.
client/src/pages/villager-portal.tsx(602,11): error TS17004: Cannot use JSX unless the '--jsx' flag is provided.
client/src/pages/villager-portal.tsx(603,13): error TS17004: Cannot use JSX unless the '--jsx' flag is provided.
client/src/pages/villager-portal.tsx(604,15): error TS17004: Cannot use JSX unless the '--jsx' flag is provided.
client/src/pages/villager-portal.tsx(606,13): error TS17004: Cannot use JSX unless the '--jsx' flag is provided.
client/src/pages/villager-portal.tsx(608,17): error TS17004: Cannot use JSX unless the '--jsx' flag is provided.
client/src/pages/villager-portal.tsx(609,19): error TS17004: Cannot use JSX unless the '--jsx' flag is provided.
client/src/pages/villager-portal.tsx(610,19): error TS17004: Cannot use JSX unless the '--jsx' flag is provided.
client/src/pages/villager-portal.tsx(611,19): error TS17004: Cannot use JSX unless the '--jsx' flag is provided.
client/src/pages/villager-portal.tsx(614,17): error TS17004: Cannot use JSX unless the '--jsx' flag is provided.
client/src/pages/villager-portal.tsx(616,21): error TS17004: Cannot use JSX unless the '--jsx' flag is provided.
client/src/pages/villager-portal.tsx(617,23): error TS17004: Cannot use JSX unless the '--jsx' flag is provided.
client/src/pages/villager-portal.tsx(618,25): error TS17004: Cannot use JSX unless the '--jsx' flag is provided.
client/src/pages/villager-portal.tsx(619,27): error TS17004: Cannot use JSX unless the '--jsx' flag is provided.
client/src/pages/villager-portal.tsx(622,27): error TS17004: Cannot use JSX unless the '--jsx' flag is provided.
client/src/pages/villager-portal.tsx(628,25): error TS17004: Cannot use JSX unless the '--jsx' flag is provided.
client/src/pages/villager-portal.tsx(629,27): error TS17004: Cannot use JSX unless the '--jsx' flag is provided.
client/src/pages/villager-portal.tsx(632,27): error TS17004: Cannot use JSX unless the '--jsx' flag is provided.
client/src/pages/villager-register.tsx(7,25): error TS2307: Cannot find module '@/hooks/useAuth' or its corresponding type declarations.
client/src/pages/villager-register.tsx(8,26): error TS2307: Cannot find module '@/hooks/use-toast' or its corresponding type declarations.
client/src/pages/villager-register.tsx(9,41): error TS2307: Cannot find module '@/lib/queryClient' or its corresponding type declarations.
client/src/pages/villager-register.tsx(10,37): error TS2307: Cannot find module '@/lib/authUtils' or its corresponding type declarations.
client/src/pages/villager-register.tsx(11,75): error TS2307: Cannot find module '@/components/ui/card' or its corresponding type declarations.
client/src/pages/villager-register.tsx(12,24): error TS2307: Cannot find module '@/components/ui/button' or its corresponding type declarations.
client/src/pages/villager-register.tsx(13,97): error TS2307: Cannot find module '@/components/ui/form' or its corresponding type declarations.
client/src/pages/villager-register.tsx(14,23): error TS2307: Cannot find module '@/components/ui/input' or its corresponding type declarations.
client/src/pages/villager-register.tsx(15,26): error TS2307: Cannot find module '@/components/ui/textarea' or its corresponding type declarations.
client/src/pages/villager-register.tsx(16,24): error TS2307: Cannot find module '@/components/navigation' or its corresponding type declarations.
client/src/pages/villager-register.tsx(140,7): error TS17004: Cannot use JSX unless the '--jsx' flag is provided.
client/src/pages/villager-register.tsx(141,9): error TS17004: Cannot use JSX unless the '--jsx' flag is provided.
client/src/pages/villager-register.tsx(142,9): error TS17004: Cannot use JSX unless the '--jsx' flag is provided.
client/src/pages/villager-register.tsx(143,11): error TS17004: Cannot use JSX unless the '--jsx' flag is provided.
client/src/pages/villager-register.tsx(144,13): error TS17004: Cannot use JSX unless the '--jsx' flag is provided.
client/src/pages/villager-register.tsx(145,13): error TS17004: Cannot use JSX unless the '--jsx' flag is provided.
client/src/pages/villager-register.tsx(153,5): error TS17004: Cannot use JSX unless the '--jsx' flag is provided.
client/src/pages/villager-register.tsx(154,7): error TS17004: Cannot use JSX unless the '--jsx' flag is provided.
client/src/pages/villager-register.tsx(156,7): error TS17004: Cannot use JSX unless the '--jsx' flag is provided.
client/src/pages/villager-register.tsx(157,9): error TS17004: Cannot use JSX unless the '--jsx' flag is provided.
client/src/pages/villager-register.tsx(158,11): error TS17004: Cannot use JSX unless the '--jsx' flag is provided.
client/src/pages/villager-register.tsx(159,13): error TS17004: Cannot use JSX unless the '--jsx' flag is provided.
client/src/pages/villager-register.tsx(160,15): error TS17004: Cannot use JSX unless the '--jsx' flag is provided.
client/src/pages/villager-register.tsx(161,15): error TS17004: Cannot use JSX unless the '--jsx' flag is provided.
client/src/pages/villager-register.tsx(163,13): error TS17004: Cannot use JSX unless the '--jsx' flag is provided.
client/src/pages/villager-register.tsx(167,11): error TS17004: Cannot use JSX unless the '--jsx' flag is provided.
client/src/pages/villager-register.tsx(168,13): error TS17004: Cannot use JSX unless the '--jsx' flag is provided.
client/src/pages/villager-register.tsx(169,15): error TS17004: Cannot use JSX unless the '--jsx' flag is provided.
client/src/pages/villager-register.tsx(170,17): error TS17004: Cannot use JSX unless the '--jsx' flag is provided.
client/src/pages/villager-register.tsx(174,21): error TS17004: Cannot use JSX unless the '--jsx' flag is provided.
client/src/pages/villager-register.tsx(175,23): error TS17004: Cannot use JSX unless the '--jsx' flag is provided.
client/src/pages/villager-register.tsx(176,25): error TS17004: Cannot use JSX unless the '--jsx' flag is provided.
client/src/pages/villager-register.tsx(179,23): error TS17004: Cannot use JSX unless the '--jsx' flag is provided.
client/src/pages/villager-register.tsx(180,25): error TS17004: Cannot use JSX unless the '--jsx' flag is provided.
client/src/pages/villager-register.tsx(186,23): error TS17004: Cannot use JSX unless the '--jsx' flag is provided.
client/src/pages/villager-register.tsx(191,17): error TS17004: Cannot use JSX unless the '--jsx' flag is provided.
client/src/pages/villager-register.tsx(195,21): error TS17004: Cannot use JSX unless the '--jsx' flag is provided.
client/src/pages/villager-register.tsx(196,23): error TS17004: Cannot use JSX unless the '--jsx' flag is provided.
client/src/pages/villager-register.tsx(197,25): error TS17004: Cannot use JSX unless the '--jsx' flag is provided.
client/src/pages/villager-register.tsx(200,23): error TS17004: Cannot use JSX unless the '--jsx' flag is provided.
client/src/pages/villager-register.tsx(201,25): error TS17004: Cannot use JSX unless the '--jsx' flag is provided.
client/src/pages/villager-register.tsx(208,23): error TS17004: Cannot use JSX unless the '--jsx' flag is provided.
client/src/pages/villager-register.tsx(211,23): error TS17004: Cannot use JSX unless the '--jsx' flag is provided.
client/src/pages/villager-register.tsx(216,17): error TS17004: Cannot use JSX unless the '--jsx' flag is provided.
client/src/pages/villager-register.tsx(220,21): error TS17004: Cannot use JSX unless the '--jsx' flag is provided.
client/src/pages/villager-register.tsx(221,23): error TS17004: Cannot use JSX unless the '--jsx' flag is provided.
client/src/pages/villager-register.tsx(222,25): error TS17004: Cannot use JSX unless the '--jsx' flag is provided.
client/src/pages/villager-register.tsx(225,23): error TS17004: Cannot use JSX unless the '--jsx' flag is provided.
client/src/pages/villager-register.tsx(226,25): error TS17004: Cannot use JSX unless the '--jsx' flag is provided.
client/src/pages/villager-register.tsx(232,23): error TS17004: Cannot use JSX unless the '--jsx' flag is provided.
client/src/pages/villager-register.tsx(235,23): error TS17004: Cannot use JSX unless the '--jsx' flag is provided.
client/src/pages/villager-register.tsx(240,17): error TS17004: Cannot use JSX unless the '--jsx' flag is provided.
client/src/pages/villager-register.tsx(244,21): error TS17004: Cannot use JSX unless the '--jsx' flag is provided.
client/src/pages/villager-register.tsx(245,23): error TS17004: Cannot use JSX unless the '--jsx' flag is provided.
client/src/pages/villager-register.tsx(246,25): error TS17004: Cannot use JSX unless the '--jsx' flag is provided.
client/src/pages/villager-register.tsx(249,23): error TS17004: Cannot use JSX unless the '--jsx' flag is provided.
client/src/pages/villager-register.tsx(250,25): error TS17004: Cannot use JSX unless the '--jsx' flag is provided.
client/src/pages/villager-register.tsx(257,23): error TS17004: Cannot use JSX unless the '--jsx' flag is provided.
client/src/pages/villager-register.tsx(260,23): error TS17004: Cannot use JSX unless the '--jsx' flag is provided.
client/src/pages/villager-register.tsx(265,17): error TS17004: Cannot use JSX unless the '--jsx' flag is provided.
client/src/pages/villager-register.tsx(269,21): error TS17004: Cannot use JSX unless the '--jsx' flag is provided.
client/src/pages/villager-register.tsx(270,23): error TS17004: Cannot use JSX unless the '--jsx' flag is provided.
client/src/pages/villager-register.tsx(271,25): error TS17004: Cannot use JSX unless the '--jsx' flag is provided.
client/src/pages/villager-register.tsx(274,23): error TS17004: Cannot use JSX unless the '--jsx' flag is provided.
client/src/pages/villager-register.tsx(275,25): error TS17004: Cannot use JSX unless the '--jsx' flag is provided.
client/src/pages/villager-register.tsx(281,23): error TS17004: Cannot use JSX unless the '--jsx' flag is provided.
client/src/pages/villager-register.tsx(284,23): error TS17004: Cannot use JSX unless the '--jsx' flag is provided.
client/src/pages/villager-register.tsx(289,17): error TS17004: Cannot use JSX unless the '--jsx' flag is provided.
client/src/pages/villager-register.tsx(293,21): error TS17004: Cannot use JSX unless the '--jsx' flag is provided.
client/src/pages/villager-register.tsx(294,23): error TS17004: Cannot use JSX unless the '--jsx' flag is provided.
client/src/pages/villager-register.tsx(295,25): error TS17004: Cannot use JSX unless the '--jsx' flag is provided.
client/src/pages/villager-register.tsx(298,23): error TS17004: Cannot use JSX unless the '--jsx' flag is provided.
client/src/pages/villager-register.tsx(299,25): error TS17004: Cannot use JSX unless the '--jsx' flag is provided.
client/src/pages/villager-register.tsx(300,27): error TS17004: Cannot use JSX unless the '--jsx' flag is provided.
client/src/pages/villager-register.tsx(302,31): error TS17004: Cannot use JSX unless the '--jsx' flag is provided.
client/src/pages/villager-register.tsx(308,29): error TS17004: Cannot use JSX unless the '--jsx' flag is provided.
client/src/pages/villager-register.tsx(317,29): error TS17004: Cannot use JSX unless the '--jsx' flag is provided.
client/src/pages/villager-register.tsx(318,31): error TS17004: Cannot use JSX unless the '--jsx' flag is provided.
client/src/pages/villager-register.tsx(322,27): error TS17004: Cannot use JSX unless the '--jsx' flag is provided.
client/src/pages/villager-register.tsx(325,23): error TS17004: Cannot use JSX unless the '--jsx' flag is provided.
client/src/pages/villager-register.tsx(328,23): error TS17004: Cannot use JSX unless the '--jsx' flag is provided.
client/src/pages/villager-register.tsx(333,17): error TS17004: Cannot use JSX unless the '--jsx' flag is provided.
client/src/pages/villager-register.tsx(334,19): error TS17004: Cannot use JSX unless the '--jsx' flag is provided.
client/src/pages/villager-register.tsx(335,19): error TS17004: Cannot use JSX unless the '--jsx' flag is provided.
client/src/pages/villager-register.tsx(336,21): error TS17004: Cannot use JSX unless the '--jsx' flag is provided.
client/src/pages/villager-register.tsx(337,21): error TS17004: Cannot use JSX unless the '--jsx' flag is provided.
client/src/pages/villager-register.tsx(338,21): error TS17004: Cannot use JSX unless the '--jsx' flag is provided.
client/src/pages/villager-register.tsx(339,21): error TS17004: Cannot use JSX unless the '--jsx' flag is provided.
client/src/pages/villager-register.tsx(343,17): error TS17004: Cannot use JSX unless the '--jsx' flag is provided.
client/src/pages/villager-register.tsx(351,21): error TS17004: Cannot use JSX unless the '--jsx' flag is provided.
client/src/pages/villager-register.tsx(352,23): error TS17004: Cannot use JSX unless the '--jsx' flag is provided.
