client/src/components/messaging.tsx(198,15): error TS18046: 'messages' is of type 'unknown'.
client/src/components/messaging.tsx(205,16): error TS18046: 'messages' is of type 'unknown'.
client/src/components/navigation.tsx(117,38): error TS2322: Type 'string | null' is not assignable to type 'string | undefined'.
  Type 'null' is not assignable to type 'string | undefined'.
client/src/components/navigation.tsx(201,42): error TS2322: Type 'string | null' is not assignable to type 'string | undefined'.
  Type 'null' is not assignable to type 'string | undefined'.
client/src/pages/sponsor-portal.tsx(97,71): error TS18046: 'sponsorships' is of type 'unknown'.
client/src/pages/sponsor-portal.tsx(112,22): error TS18046: 'sponsorships' is of type 'unknown'.
client/src/pages/sponsor-portal.tsx(128,26): error TS18046: 'sponsorships' is of type 'unknown'.
client/src/pages/sponsor-portal.tsx(162,17): error TS18046: 'sponsorships' is of type 'unknown'.
client/src/pages/sponsor-portal.tsx(173,18): error TS18046: 'sponsorships' is of type 'unknown'.
client/src/pages/villager-details.tsx(81,54): error TS2339: Property 'currentAmount' does not exist on type '{}'.
client/src/pages/villager-details.tsx(81,78): error TS2339: Property 'targetAmount' does not exist on type '{}'.
client/src/pages/villager-details.tsx(82,47): error TS2339: Property 'status' does not exist on type '{}'.
client/src/pages/villager-details.tsx(109,37): error TS2339: Property 'profileImageUrl' does not exist on type '{}'.
client/src/pages/villager-details.tsx(110,40): error TS2339: Property 'name' does not exist on type '{}'.
client/src/pages/villager-details.tsx(121,37): error TS2339: Property 'name' does not exist on type '{}'.
client/src/pages/villager-details.tsx(124,37): error TS2339: Property 'age' does not exist on type '{}'.
client/src/pages/villager-details.tsx(124,64): error TS2339: Property 'location' does not exist on type '{}'.
client/src/pages/villager-details.tsx(133,33): error TS2339: Property 'story' does not exist on type '{}'.
client/src/pages/villager-details.tsx(144,50): error TS2339: Property 'currentAmount' does not exist on type '{}'.
client/src/pages/villager-details.tsx(144,111): error TS2339: Property 'targetAmount' does not exist on type '{}'.
client/src/pages/villager-details.tsx(152,80): error TS2339: Property 'id' does not exist on type '{}'.
client/src/pages/villager-details.tsx(153,44): error TS2339: Property 'status' does not exist on type '{}'.
client/src/pages/villager-details.tsx(157,35): error TS2339: Property 'status' does not exist on type '{}'.
client/src/pages/villager-details.tsx(162,80): error TS2339: Property 'id' does not exist on type '{}'.
client/src/pages/villager-details.tsx(163,44): error TS2339: Property 'status' does not exist on type '{}'.
client/src/pages/villager-details.tsx(188,34): error TS2322: Type 'unknown' is not assignable to type 'ProgressUpdate[]'.
client/src/pages/villager-details.tsx(218,80): error TS18046: 'sponsorships' is of type 'unknown'.
client/src/pages/villager-details.tsx(229,46): error TS2339: Property 'currentAmount' does not exist on type '{}'.
client/src/pages/villager-details.tsx(240,89): error TS2339: Property 'trainingProgress' does not exist on type '{}'.
client/src/pages/villager-details.tsx(277,14): error TS18046: 'sponsorships' is of type 'unknown'.
client/src/pages/villager-details.tsx(284,22): error TS18046: 'sponsorships' is of type 'unknown'.
client/src/pages/villager-details.tsx(300,22): error TS18046: 'sponsorships' is of type 'unknown'.
client/src/pages/villager-details.tsx(302,27): error TS18046: 'sponsorships' is of type 'unknown'.
client/src/pages/villager-details.tsx(314,43): error TS2339: Property 'id' does not exist on type '{}'.
server/replitAuth.ts(65,28): error TS2345: Argument of type '{ id: any; email: any; firstName: any; lastName: any; profileImageUrl: any; }' is not assignable to parameter of type '{ email: string; firstName: string; lastName: string; idNumber: string; phoneNumber: string; username: string; password: string; id?: string | undefined; role?: "sponsor" | "villager" | "admin" | undefined; profileImageUrl?: string | ... 1 more ... | undefined; createdAt?: Date | ... 1 more ... | undefined; updatedA...'.
  Type '{ id: any; email: any; firstName: any; lastName: any; profileImageUrl: any; }' is missing the following properties from type '{ email: string; firstName: string; lastName: string; idNumber: string; phoneNumber: string; username: string; password: string; id?: string | undefined; role?: "sponsor" | "villager" | "admin" | undefined; profileImageUrl?: string | ... 1 more ... | undefined; createdAt?: Date | ... 1 more ... | undefined; updatedA...': idNumber, phoneNumber, username, password
